<?xml version="1.0" encoding="UTF-8"?>
<testsuites>
  <testsuite name="/Users/jhoncuervo/Documents/GitHub/user-ms/phpunit.xml" tests="2" assertions="2" errors="0" failures="0" skipped="0" time="0.135920">
    <testsuite name="Unit" tests="1" assertions="1" errors="0" failures="0" skipped="0" time="0.004657">
      <testsuite name="Tests\Unit\ExampleTest" file="/Users/jhoncuervo/Documents/GitHub/user-ms/tests/Unit/ExampleTest.php" tests="1" assertions="1" errors="0" failures="0" skipped="0" time="0.004657">
        <testcase name="test_that_true_is_true" file="/Users/jhoncuervo/Documents/GitHub/user-ms/tests/Unit/ExampleTest.php" line="12" class="Tests\Unit\ExampleTest" classname="Tests.Unit.ExampleTest" assertions="1" time="0.004657"/>
      </testsuite>
    </testsuite>
    <testsuite name="Feature" tests="1" assertions="1" errors="0" failures="0" skipped="0" time="0.131264">
      <testsuite name="Tests\Feature\ExampleTest" file="/Users/jhoncuervo/Documents/GitHub/user-ms/tests/Feature/ExampleTest.php" tests="1" assertions="1" errors="0" failures="0" skipped="0" time="0.131264">
        <testcase name="test_the_application_returns_a_successful_response" file="/Users/jhoncuervo/Documents/GitHub/user-ms/tests/Feature/ExampleTest.php" line="13" class="Tests\Feature\ExampleTest" classname="Tests.Feature.ExampleTest" assertions="1" time="0.131264"/>
      </testsuite>
    </testsuite>
  </testsuite>
</testsuites>
